# x86-64 Assembly Code - AT&T format
# program stringtest
# compiled on Mon Apr 04 10:09:07 CEST 2022
.data
.align 8
	tinsel_msg_: .string "TINSEL version 2.0 for x86-84 (Linux) Apr 2022 (c) M.Pappas\n"
	newline_: .string "\n"
	s:	.space 20

.text
.align 8
.global _start

# main program
_start:
	pushq	%rbx		# save "callee"-save registers
	pushq	%rbp		# new stack frame
	movq	%rsp, %rbp
# print hello message
	lea	tinsel_msg_(%rip), %rdi
	call	write_s_

	lea	STRCNST_1(%rip), %rax
	movq	%rax, %rsi		# assign string - strcpy_(identifier, %rax)
	lea	s(%rip), %rdi
	call	strcpy_
	lea	STRCNST_2(%rip), %rax
	movq	%rax, %rdi		# string pointer to be printed in rdi
	call	write_s_
	lea	s(%rip), %rax
	movq	%rax, %rdi		# string pointer to be printed in rdi
	call	write_s_
	lea	newline_(%rip), %rdi
	call	write_s_

# end of main
main_exit_:
	movq	%rbp, %rsp		# restore stack frame
	popq	%rbp
	popq	%rbx		# restore "callee"-save registers
	movq	$60, %rax		# exit system call
	xorq	%rdi, %rdi		# exit code 0
	syscall

# end program

.data
	.align 8
# constant string values go here
	STRCNST_1:	.string "1234"
	STRCNST_2:	.string "the string value is: "
