# x86-64 Assembly Code - AT&T format
# program vartest
# compiled on Mon Apr 04 10:13:18 CEST 2022
.data
.align 8
	tinsel_msg_: .string "TINSEL version 2.0 for x86-84 (Linux) Apr 2022 (c) M.Pappas\n"
	newline_: .string "\n"
#
# variables declarations
#
	abc:	.quad 10
	xyz:	.string "abcdefg"
	w:	.space 20
	def:	.quad -5
	i:	.quad 0

.text
.align 8
.global _start

# main program
_start:
	pushq	%rbx		# save "callee"-save registers
	pushq	%rbp		# new stack frame
	movq	%rsp, %rbp
# print hello message
	lea	tinsel_msg_(%rip), %rdi
	call	write_s_

	lea	STRCNST_1(%rip), %rax
	movq	%rax, %rsi		# assign string - strcpy_(identifier, %rax)
	lea	w(%rip), %rdi
	call	strcpy_
	movq	abc(%rip), %rax
	testq	%rax, %rax
	movq	%rax, %rdi		# value to be printed in rdi
	call	write_i_
	lea	newline_(%rip), %rdi
	call	write_s_
	lea	xyz(%rip), %rax
	movq	%rax, %rdi		# string pointer to be printed in rdi
	call	write_s_
	lea	newline_(%rip), %rdi
	call	write_s_
	lea	w(%rip), %rax
	movq	%rax, %rdi		# string pointer to be printed in rdi
	call	write_s_
	lea	newline_(%rip), %rdi
	call	write_s_
	movq	def(%rip), %rax
	testq	%rax, %rax
	movq	%rax, %rdi		# value to be printed in rdi
	call	write_i_
	lea	newline_(%rip), %rdi
	call	write_s_
	movq	i(%rip), %rax
	testq	%rax, %rax
	movq	%rax, %rdi		# value to be printed in rdi
	call	write_i_
	lea	newline_(%rip), %rdi
	call	write_s_

# end of main
main_exit_:
	movq	%rbp, %rsp		# restore stack frame
	popq	%rbp
	popq	%rbx		# restore "callee"-save registers
	movq	$60, %rax		# exit system call
	xorq	%rdi, %rdi		# exit code 0
	syscall

# end program

.data
	.align 8
# constant string values go here
	STRCNST_1:	.string "hello!"
