#
# repeat test
#
# program repeattest
# compiled on Thu Jan 27 14:47:42 CET 2022
.data
.align 8
	tinsel_msg_: .string "TINSEL version 1.1 for x86-84 (Linux) Jan 2022 (c) M.Pappas\n"
	newline_: .string "\n"
	i:	.quad 0
	j:	.quad 0

.text
.align 8
.global _start
# repeat blocks

# main program
_start:
	pushq	%rbp
	movq	%rsp, %rbp
	pushq	%rbx
# print hello message
	lea	tinsel_msg_(%rip), %rdi
	call	write_s_

	movq	$10, %rax
	testq	%rax, %rax
	movq	%rax, i(%rip)
	movq	$10, %rax
	testq	%rax, %rax
	movq	%rax, j(%rip)
main_L0_:
	movq	i(%rip), %rax
	testq	%rax, %rax
	pushq	%rax
	movq	$1, %rax
	testq	%rax, %rax
	popq	%rbx
	addq	%rbx, %rax
	movq	%rax, i(%rip)
main_L2_:
	movq	j(%rip), %rax
	testq	%rax, %rax
	pushq	%rax
	movq	$2, %rax
	testq	%rax, %rax
	pushq	%rax
	movq	i(%rip), %rax
	testq	%rax, %rax
	popq	%rbx
	imulq	%rbx, %rax
	popq	%rbx
	addq	%rbx, %rax
	movq	%rax, j(%rip)
	movq	j(%rip), %rax
	testq	%rax, %rax
	pushq	%rax
	movq	$100, %rax
	testq	%rax, %rax
	popq	%rbx
	cmp	%rax, %rbx
	setg	%al
	andq	$1, %rax
	jz	main_L2_
main_L3_:
	movq	i(%rip), %rax
	testq	%rax, %rax
	pushq	%rax
	movq	j(%rip), %rax
	testq	%rax, %rax
	popq	%rbx
	cmp	%rax, %rbx
	setge	%al
	andq	$1, %rax
	jz	main_L0_
main_L1_:

# end of main
	movq	(%rbp), %rbx
	movq	%rbp, %rsp
	popq	%rbp
	movq	$60, %rax		# exit system call
	xorq	%rdi, %rdi		# exit code 0
	syscall

# end program

.data
	.align 8
# buffer for string operations - max str length limit
	string_buffer_:	.space 1024