# program intvartest
# compiled on Mon Jan 31 10:09:09 CET 2022
.data
.align 8
	tinsel_msg_: .string "TINSEL version 1.1 for x86-84 (Linux) Jan 2022 (c) M.Pappas\n"
	newline_: .string "\n"
	i1:	.quad 0
	i2:	.quad 0

.text
.align 8
.global _start

# main program
_start:
	pushq	%rbp
	movq	%rsp, %rbp
	pushq	%rbx
# print hello message
	lea	tinsel_msg_(%rip), %rdi
	call	write_s_

	movq	i2(%rip), %rax
	testq	%rax, %rax
	pushq	%rax
	movq	i2(%rip), %rax
	testq	%rax, %rax
	negq	%rax
	pushq	%rax
	movq	$5, %rax
	testq	%rax, %rax
	popq	%rbx
	addq	%rbx, %rax
	pushq	%rax
	movq	$8, %rax
	testq	%rax, %rax
	popq	%rbx
	imulq	%rbx, %rax
	popq	%rbx
	addq	%rbx, %rax
	movq	%rax, i1(%rip)
	movq	i1(%rip), %rax
	testq	%rax, %rax
	pushq	%rax
	movq	$10, %rax
	testq	%rax, %rax
	popq	%rbx
	addq	%rbx, %rax
	movq	%rax, %rdi		# value to be printed in rdi
	call	write_i_
	lea	newline_(%rip), %rdi
	call	write_s_

# end of main
	movq	(%rbp), %rbx
	movq	%rbp, %rsp
	popq	%rbp
	movq	$60, %rax		# exit system call
	xorq	%rdi, %rdi		# exit code 0
	syscall

# end program

.data
	.align 8
# buffer for string operations - max str length limit
	string_buffer_:	.space 1024
