# x86-64 Assembly Code - AT&T format
# program beaktest
# compiled on Mon Apr 04 08:04:44 CEST 2022
.data
.align 8
	tinsel_msg_: .string "TINSEL version 2.0 for x86-84 (Linux) Apr 2022 (c) M.Pappas\n"
	newline_: .string "\n"

.text
.align 8
.global _start

# main program
_start:
	pushq	%rbx		# save "callee"-save registers
	pushq	%rbp		# new stack frame
	movq	%rsp, %rbp
# print hello message
	lea	tinsel_msg_(%rip), %rdi
	call	write_s_

	subq	$8, %rsp
	movq	$0, %rax
	testq	%rax, %rax
	movq	%rax, -8(%rbp)
	subq	$8, %rsp
	movq	$20, %rax
	testq	%rax, %rax
	movq	%rax, -16(%rbp)
	movq	-8(%rbp), %rax
	testq	%rax, %rax
	decq	%rax
	movq	%rax, -8(%rbp)
main_L0_:
	movq	-8(%rbp), %rax
	testq	%rax, %rax
	incq	%rax
	movq	%rax, -8(%rbp)
	pushq	%rax
	movq	-16(%rbp), %rax
	testq	%rax, %rax
	popq	%rbx
	cmp	%rax, %rbx
	setle	%al
	andq	$1, %rax
	jz	main_L1_
	movq	-8(%rbp), %rax
	testq	%rax, %rax
	pushq	%rax
	movq	$8, %rax
	testq	%rax, %rax
	popq	%rbx
	cmp	%rax, %rbx
	sete	%al
	andq	$1, %rax
	jz	main_L2_
	jmp	main_L0_
main_L2_:
	movq	-8(%rbp), %rax
	testq	%rax, %rax
	movq	%rax, %rdi		# value to be printed in rdi
	call	write_i_
	lea	STRCNST_1(%rip), %rax
	movq	%rax, %rdi		# string pointer to be printed in rdi
	call	write_s_
	jmp	main_L0_
main_L1_:
	addq	$16, %rsp
	lea	newline_(%rip), %rdi
	call	write_s_

# end of main
main_exit_:
	movq	%rbp, %rsp		# restore stack frame
	popq	%rbp
	popq	%rbx		# restore "callee"-save registers
	movq	$60, %rax		# exit system call
	xorq	%rdi, %rdi		# exit code 0
	syscall

# end program

.data
	.align 8
# constant string values go here
	STRCNST_1:	.string " "
