# x86-64 Assembly Code - AT&T format
# program testmain
# compiled on Mon Jan 24 19:28:31 CET 2022
.data
.align 8
	tinsel_msg_: .string "TINSEL version 2.0 for x86-84 (Linux) Feb 2022 (c) M.Pappas\n"
	newline_: .string "\n"

.text
.align 8
.global _start
#
# main program
# goes here
#

# main program
_start:
	pushq	%rbp
	movq	%rsp, %rbp
	pushq	%rbx
# print hello message
	lea	tinsel_msg_(%rip), %rdi
	call	write_s_


# end of main
	movq	(%rbp), %rbx
	movq	%rbp, %rsp
	popq	%rbp
	movq	$60, %rax		# exit system call
	xorq	%rdi, %rdi		# exit code 0
	syscall
# end of program

# end program

.data
	.align 8
# buffer for string operations - max str length limit
	string_buffer_:	.space 1024