# x86-64 Assembly Code - AT&T format
# program hello_world
# compiled on Sun Apr 03 18:46:49 CEST 2022
.data
.align 8
	tinsel_msg_: .string "TINSEL version 2.0 for x86-84 (Linux) Apr 2022 (c) M.Pappas\n"
	newline_: .string "\n"
	s:	.space 20
	s1:	.space 20
	s2:	.space 20

.text
.align 8
.global _start

# main program
_start:
	pushq	%rbx		# save "callee"-save registers
	pushq	%rbp		# new stack frame
	movq	%rsp, %rbp
# print hello message
	lea	tinsel_msg_(%rip), %rdi
	call	write_s_

	lea	STRCNST_1(%rip), %rax
	movq	%rax, %rsi		# assign string - strcpy_(identifier, %rax)
	lea	s1(%rip), %rdi
	call	strcpy_
	lea	STRCNST_2(%rip), %rax
	movq	%rax, %rsi		# assign string - strcpy_(identifier, %rax)
	lea	s2(%rip), %rdi
	call	strcpy_
	lea	s1(%rip), %rax
	movq	%rax, %rsi		# save string - strcpy_(string_buffer, %rax)
	lea	string_buffer_(%rip), %rdi
	call	strcpy_
	pushq	%rax
	lea	STRCNST_3(%rip), %rax
	popq	%rdi		# add string - strcat_(top-of-stack, %rax)
	movq	%rax, %rsi
	call	strcat_
	movq	%rax, %rsi		# save string - strcpy_(string_buffer, %rax)
	lea	string_buffer_(%rip), %rdi
	call	strcpy_
	pushq	%rax
	lea	s2(%rip), %rax
	popq	%rdi		# add string - strcat_(top-of-stack, %rax)
	movq	%rax, %rsi
	call	strcat_
	movq	%rax, %rsi		# assign string - strcpy_(identifier, %rax)
	lea	s(%rip), %rdi
	call	strcpy_
	lea	s(%rip), %rax
	movq	%rax, %rdi		# string pointer to be printed in rdi
	call	write_s_
	lea	STRCNST_4(%rip), %rax
	movq	%rax, %rdi		# string pointer to be printed in rdi
	call	write_s_
	lea	newline_(%rip), %rdi
	call	write_s_

# end of main
main_exit_:
	movq	%rbp, %rsp		# restore stack frame
	popq	%rbp
	popq	%rbx		# restore "callee"-save registers
	movq	$60, %rax		# exit system call
	xorq	%rdi, %rdi		# exit code 0
	syscall

# end program

.data
	.align 8
# buffer for string operations - max str length limit
	string_buffer_:	.space 1024
# constant string values go here
	STRCNST_1:	.string "Hello"
	STRCNST_2:	.string "World"
	STRCNST_3:	.string ", "
	STRCNST_4:	.string "!"
