# x86-64 Assembly Code - AT&T format
# program iftest
# compiled on Thu Jan 27 13:55:42 CET 2022
.data
.align 8
	tinsel_msg_: .string "TINSEL version 2.0 for x86-84 (Linux) Feb 2022 (c) M.Pappas\n"
	newline_: .string "\n"
	i:	.quad 0
	x:	.quad 0

.text
.align 8
.global _start

# main program
_start:
	pushq	%rbp
	movq	%rsp, %rbp
	pushq	%rbx
# print hello message
	lea	tinsel_msg_(%rip), %rdi
	call	write_s_

	movq	i(%rip), %rax
	testq	%rax, %rax
	pushq	%rax
	movq	$0, %rax
	testq	%rax, %rax
	popq	%rbx
	cmp	%rax, %rbx
	setl	%al
	andq	$1, %rax
	jz	main_L0_
	movq	$1, %rax
	testq	%rax, %rax
	movq	%rax, i(%rip)
	jmp	main_L1_
main_L0_:
	movq	i(%rip), %rax
	testq	%rax, %rax
	pushq	%rax
	movq	$0, %rax
	testq	%rax, %rax
	popq	%rbx
	cmp	%rax, %rbx
	setg	%al
	andq	$1, %rax
	jz	main_L2_
	movq	$-1, %rax
	testq	%rax, %rax
	movq	%rax, i(%rip)
	jmp	main_L3_
main_L2_:
	movq	x(%rip), %rax
	testq	%rax, %rax
	jz	main_L4_
	movq	$0, %rax
	testq	%rax, %rax
	movq	%rax, i(%rip)
main_L4_:
main_L3_:
main_L1_:

# end of main
	movq	(%rbp), %rbx
	movq	%rbp, %rsp
	popq	%rbp
	movq	$60, %rax		# exit system call
	xorq	%rdi, %rdi		# exit code 0
	syscall

# end program

.data
	.align 8
# buffer for string operations - max str length limit
	string_buffer_:	.space 1024