# x86-64 Assembly Code - AT&T format
# program funtest
# compiled on Tue Jan 25 17:59:26 CET 2022
.data
.align 8
	tinsel_msg_: .string "TINSEL version 2.0 for x86-84 (Linux) Feb 2022 (c) M.Pappas\n"
	newline_: .string "\n"
	i:	.quad 5

.text
.align 8
.global _start
#
# functions section
#

# function abc
abc:
	pushq	%rbx		# save "callee"-save registers
	pushq	%rbp		# new stack frame
	movq	%rsp, %rbp
	movq	i(%rip), %rax
	testq	%rax, %rax
	pushq	%rax
	movq	$5, %rax
	testq	%rax, %rax
	popq	%rbx
	addq	%rbx, %rax
	movq	%rbp, %rsp		# restore stack frame
	popq	%rbp
	popq	%rbx		# restore "callee"-save registers
	ret

# function xyz
xyz:
	pushq	%rbx		# save "callee"-save registers
	pushq	%rbp		# new stack frame
	movq	%rsp, %rbp
	movq	$8, %rax
	testq	%rax, %rax
	movq	%rax, i(%rip)
	movq	%rbp, %rsp		# restore stack frame
	popq	%rbp
	popq	%rbx		# restore "callee"-save registers
	ret

# function wow
wow:
	pushq	%rbx		# save "callee"-save registers
	pushq	%rbp		# new stack frame
	movq	%rsp, %rbp
	lea	STRCNST_1(%rip), %rax
	movq	%rbp, %rsp		# restore stack frame
	popq	%rbp
	popq	%rbx		# restore "callee"-save registers
	ret
# main program section

# main program
_start:
	pushq	%rbx		# save "callee"-save registers
	pushq	%rbp		# new stack frame
	movq	%rsp, %rbp
# print hello message
	lea	tinsel_msg_(%rip), %rdi
	call	write_s_


# end of main
main_exit_:
	movq	%rbp, %rsp		# restore stack frame
	popq	%rbp
	popq	%rbx		# restore "callee"-save registers
	movq	$60, %rax		# exit system call
	xorq	%rdi, %rdi		# exit code 0
	syscall

# end program

.data
	.align 8
# constant string values go here
	STRCNST_1:	.string "hello World!"
