# program funtest
# compiled on Mon Jan 31 16:24:51 CET 2022
.data
.align 8
	tinsel_msg_: .string "TINSEL version 1.1 for x86-84 (Linux) Jan 2022 (c) M.Pappas\n"
	newline_: .string "\n"
	i:	.quad 2

.text
.align 8
.global _start

# function a_fun
a_fun:
	pushq	%rbp
	movq	%rsp, %rbp
	movq	$5, %rax
	testq	%rax, %rax
	pushq	%rax
	movq	i(%rip), %rax
	testq	%rax, %rax
	popq	%rbx
	imulq	%rbx, %rax
	movq	%rbp, %rsp
	popq	%rbp
	ret

# main program
_start:
	pushq	%rbp
	movq	%rsp, %rbp
	pushq	%rbx
# print hello message
	lea	tinsel_msg_(%rip), %rdi
	call	write_s_

	call	a_fun
	movq	i(%rip), %rax
	testq	%rax, %rax
	pushq	%rax
	movq	$2, %rax
	testq	%rax, %rax
	popq	%rbx
	imulq	%rbx, %rax
	pushq	%rax
	call	a_fun
	pushq	%rax
	movq	$1, %rax
	testq	%rax, %rax
	popq	%rbx
	addq	%rbx, %rax
	pushq	%rax
	movq	$2, %rax
	testq	%rax, %rax
	movq	%rax, %rbx
	popq	%rax
	cqto		# sign extend to rdx
	idivq	%rbx, %rax
	popq	%rbx
	addq	%rbx, %rax
	pushq	%rax
	movq	$5, %rax
	testq	%rax, %rax
	pushq	%rax
	call	a_fun
	popq	%rbx
	imulq	%rbx, %rax
	movq	%rax, %rbx
	popq	%rax
	subq	%rbx, %rax
	movq	%rax, i(%rip)

# end of main
	movq	(%rbp), %rbx
	movq	%rbp, %rsp
	popq	%rbp
	movq	$60, %rax		# exit system call
	xorq	%rdi, %rdi		# exit code 0
	syscall

# end program

.data
	.align 8
# buffer for string operations - max str length limit
	string_buffer_:	.space 1024
