# program blocktest
# compiled on Wed Jan 26 18:38:13 CET 2022
.data
.align 8
	tinsel_msg_: .string "TINSEL version 1.1 for x86-84 (Linux) Jan 2022 (c) M.Pappas\n"
	newline_: .string "\n"
	i:	.quad 0

.text
.align 8
.global _start
#
# testing block
#

# main program
_start:
	pushq	%rbp
	movq	%rsp, %rbp
	pushq	%rbx
# print hello message
	lea	tinsel_msg_(%rip), %rdi
	call	write_s_

	movq	$1, %rax
	testq	%rax, %rax
	movq	%rax, i(%rip)
	movq	$2, %rax
	testq	%rax, %rax
	movq	%rax, i(%rip)

# end of main
	movq	(%rbp), %rbx
	movq	%rbp, %rsp
	popq	%rbp
	movq	$60, %rax		# exit system call
	xorq	%rdi, %rdi		# exit code 0
	syscall

# end program

.data
	.align 8
# buffer for string operations - max str length limit
	string_buffer_:	.space 1024