# x86-64 Assembly Code - AT&T format
# program testprogram
# compiled on Mon Jan 31 17:31:30 CET 2022
.data
.align 8
	tinsel_msg_: .string "TINSEL version 2.0 for x86-84 (Linux) Feb 2022 (c) M.Pappas\n"
	newline_: .string "\n"

.text
.align 8
.global _start

# main program
_start:
	pushq	%rbx		# save "callee"-save registers
	pushq	%rbp		# new stack frame
	movq	%rsp, %rbp
# print hello message
	lea	tinsel_msg_(%rip), %rdi
	call	write_s_


# end of main
main_exit_:
	movq	%rbp, %rsp		# restore stack frame
	popq	%rbp
	popq	%rbx		# restore "callee"-save registers
	movq	$60, %rax		# exit system call
	xorq	%rdi, %rdi		# exit code 0
	syscall

# end program

.data
	.align 8
